// Jest Snapshot v1, https://goo.gl/fbAQLP

exports[`snapshot 1`] = `
<div>
  <div>
    <h1>
      Drum machine
    </h1>
    <div>
      <div
        class="DrumPadCollection"
      >
        <button
          class="DrumPad"
          data-testid="drumPad_button_Q"
          type="button"
        >
          Q
        </button>
        <button
          class="DrumPad"
          data-testid="drumPad_button_W"
          type="button"
        >
          W
        </button>
        <button
          class="DrumPad"
          data-testid="drumPad_button_E"
          type="button"
        >
          E
        </button>
        <button
          class="DrumPad"
          data-testid="drumPad_button_R"
          type="button"
        >
          R
        </button>
        <button
          class="DrumPad"
          data-testid="drumPad_button_A"
          type="button"
        >
          A
        </button>
        <button
          class="DrumPad"
          data-testid="drumPad_button_S"
          type="button"
        >
          S
        </button>
        <button
          class="DrumPad"
          data-testid="drumPad_button_D"
          type="button"
        >
          D
        </button>
        <button
          class="DrumPad"
          data-testid="drumPad_button_F"
          type="button"
        >
          F
        </button>
      </div>
      <div
        class="SoundDisplay"
        data-testid="soundDisplay"
      >
        <label
          class="SoundDisplay_label"
          for="soundName"
          id="soundNameLabel"
        >
          Sound name
          <output
            class="SoundDisplay_output"
            data-testid="soundNameOutput"
            id="soundName"
          >
            -----------
          </output>
        </label>
      </div>
    </div>
    <section
      class="Instructions"
    >
      <h2>
        Instructions
      </h2>
      <div>
        <ul
          class="Instructions_instructionList"
        >
          <li
            class="Instructions_instruction"
          >
            Click on a drum pad to play a sound.
          </li>
          <li
            class="Instructions_instruction"
          >
            The sound name will be displayed in the sound display area.
          </li>
          <li
            class="Instructions_instruction"
          >
            Press the corresponding key on your keyboard to play the drumpad with that key.
          </li>
        </ul>
      </div>
    </section>
  </div>
</div>
`;
